// Jest Snapshot v1, https://goo.gl/fbAQLP

exports[`renders correctly 1`] = `
<div>
  <h3
    className="quote-heading"
  >
    Mathematics is not about numbers, equations, computations or algorithms: It is about understanding - William Paul Thurston
  </h3>
</div>
`;

exports[`renders correctlyyyyyy 1`] = `
<div>
  <h3
    className="quote-heading"
  >
    Mathematics is not about numbers, equations, computations or algorithms: It is about understanding - William Paul Thurston
  </h3>
</div>
`;
